exports[`Options throws error if a non-expected property is passed 1`] = `"Some of the options are not correct. Checkout the docs at https://github.com/coosto/ShortcutJS for more info"`;
